ASxxxx Linker V03.00/V05.40 + sdld,  page 1.
Hexadecimal  [32-Bits]

Area                                    Addr        Size        Decimal Bytes (Attributes)
--------------------------------        ----        ----        ------- ----- ------------
CABS                                00000000    00000000 =           0. bytes (ABS,CON,CODE)

      Value  Global                              Global Defined In Module
      -----  --------------------------------   ------------------------
C:   00000000  l_BIT_BANK                      
C:   00000000  l_CABS                          
C:   00000000  l_GSINIT                        
C:   00000000  l_GSINIT1                       
C:   00000000  l_GSINIT5                       
C:   00000000  l_IABS                          
C:   00000000  l_ISEG                          
C:   00000000  l_PSEG                          
C:   00000000  l_REG_BANK_1                    
C:   00000000  l_REG_BANK_2                    
C:   00000000  l_REG_BANK_3                    
C:   00000000  l_RSEG                          
C:   00000000  l_RSEG0                         
C:   00000000  l_RSEG1                         
C:   00000000  l_XABS                          
C:   00000000  l_XINIT                         
C:   00000000  l_XISEG                         
C:   00000000  l_XSEG                          
C:   00000000  l__CODE                         
C:   00000000  s_BSEG                          
C:   00000000  s_CABS                          
C:   00000000  s_DSEG                          
C:   00000000  s_HOME                          
C:   00000000  s_IABS                          
C:   00000000  s_ISEG                          
C:   00000000  s_REG_BANK_0                    
C:   00000000  s_RSEG                          
C:   00000000  s_RSEG0                         
C:   00000000  s_RSEG1                         
C:   00000000  s_XABS                          
C:   00000001  l_BSEG_BYTES                    
C:   00000001  s_PSEG                          
C:   00000001  s_XISEG                         
C:   00000001  s_XSEG                          
C:   00000003  l_BSEG                          
C:   00000003  l_GSFINAL                       
C:   00000003  l_GSINIT0                       
C:   00000004  l_OSEG                          
C:   00000008  l_REG_BANK_0                    
C:   00000008  s_REG_BANK_1                    
C:   0000000A  l_GSINIT2                       
C:   00000010  s_REG_BANK_2                    
C:   00000016  s_OSEG                          
C:   00000018  s_BIT_BANK                      
C:   00000018  s_REG_BANK_3                    
C:   00000020  s_BSEG_BYTES                    
C:   00000020  s__CODE                         
C:   00000022  l_GSINIT3                       
C:   0000002A  l_GSINIT4                       
C:   0000002E  l_CONST                         
ASxxxx Linker V03.00/V05.40 + sdld,  page 2.
Hexadecimal  [32-Bits]

Area                                    Addr        Size        Decimal Bytes (Attributes)
--------------------------------        ----        ----        ------- ----- ------------
CABS                                00000000    00000000 =           0. bytes (ABS,CON,CODE)

      Value  Global                              Global Defined In Module
      -----  --------------------------------   ------------------------
C:   00000037  s_SSEG                          
C:   0000004C  l_HOME                          
C:   0000004C  s_GSINIT0                       
C:   0000004F  s_GSINIT1                       
C:   0000004F  s_GSINIT2                       
C:   00000059  s_GSINIT3                       
C:   0000007A  l_DSEG                          
C:   0000007B  s_GSINIT4                       
C:   000000A5  s_GSFINAL                       
C:   000000A5  s_GSINIT                        
C:   000000A5  s_GSINIT5                       
C:   000000A8  s_CSEG                          
C:   000000C9  l_SSEG                          
C:   00000100  l_IRAM                          
C:   000008EC  l_CSEG                          
C:   00000994  s_CONST                         
C:   000009C2  s_XINIT                         

ASxxxx Linker V03.00/V05.40 + sdld,  page 3.
Hexadecimal  [32-Bits]

Area                                    Addr        Size        Decimal Bytes (Attributes)
--------------------------------        ----        ----        ------- ----- ------------
.  .ABS.                            00000000    00000000 =           0. bytes (ABS,CON)

      Value  Global                              Global Defined In Module
      -----  --------------------------------   ------------------------
     00000000  .__.ABS.                           _startup
     00000080  _P0                                tim2
     00000080  _P0_0                              tim2
     00000081  _P0_1                              tim2
     00000081  _SP                                tim2
     00000082  _DPL                               tim2
     00000082  _P0_2                              tim2
     00000083  _DPH                               tim2
     00000083  _P0_3                              tim2
     00000084  _P0_4                              tim2
     00000085  _P0_5                              tim2
     00000086  _P0_6                              tim2
     00000087  _P0_7                              tim2
     00000087  _PCON                              tim2
     00000088  _IT0                               tim2
     00000088  _TCON                              tim2
     00000089  _IE0                               tim2
     00000089  _TMOD                              tim2
     0000008A  _IT1                               tim2
     0000008A  _TL0                               tim2
     0000008B  _IE1                               tim2
     0000008B  _TL1                               tim2
     0000008C  _TH0                               tim2
     0000008C  _TR0                               tim2
     0000008D  _TF0                               tim2
     0000008D  _TH1                               tim2
     0000008E  _AUXR                              tim2
     0000008E  _TR1                               tim2
     0000008F  _TF1                               tim2
     00000090  _P1                                tim2
     00000090  _P1_0                              tim2
     00000090  _T2                                tim2
     00000091  _P1_1                              tim2
     00000091  _T2EX                              tim2
     00000092  _P1_2                              tim2
     00000093  _P1_3                              tim2
     00000094  _P1_4                              tim2
     00000095  _P1_5                              tim2
     00000096  _P1_6                              tim2
     00000097  _P1_7                              tim2
     00000098  _RI                                tim2
     00000098  _SCON                              tim2
     00000099  _SBUF                              tim2
     00000099  _TI                                tim2
     0000009A  _RB8                               tim2
     0000009B  _TB8                               tim2
     0000009C  _REN                               tim2
     0000009D  _SM2                               tim2
     0000009E  _SM1                               tim2
     0000009F  _SM0                               tim2
ASxxxx Linker V03.00/V05.40 + sdld,  page 4.
Hexadecimal  [32-Bits]

Area                                    Addr        Size        Decimal Bytes (Attributes)
--------------------------------        ----        ----        ------- ----- ------------
.  .ABS.                            00000000    00000000 =           0. bytes (ABS,CON)

      Value  Global                              Global Defined In Module
      -----  --------------------------------   ------------------------
     000000A0  _P2                                tim2
     000000A0  _P2_0                              tim2
     000000A0  __XPAGE                            
     000000A1  _P2_1                              tim2
     000000A2  _AUXR1                             tim2
     000000A2  _P2_2                              tim2
     000000A3  _P2_3                              tim2
     000000A4  _P2_4                              tim2
     000000A5  _P2_5                              tim2
     000000A6  _P2_6                              tim2
     000000A7  _P2_7                              tim2
     000000A8  _EX0                               tim2
     000000A8  _IE                                tim2
     000000A9  _ET0                               tim2
     000000A9  _SADDR1                            tim2
     000000AA  _EX1                               tim2
     000000AB  _ET1                               tim2
     000000AC  _ES                                tim2
     000000AD  _ET2                               tim2
     000000AF  _EA                                tim2
     000000B0  _P3                                tim2
     000000B0  _P3_0                              tim2
     000000B0  _RXD                               tim2
     000000B1  _P3_1                              tim2
     000000B1  _TXD                               tim2
     000000B2  _INT0                              tim2
     000000B2  _P3_2                              tim2
     000000B3  _INT1                              tim2
     000000B3  _P3_3                              tim2
     000000B4  _P3_4                              tim2
     000000B4  _T0                                tim2
     000000B5  _P3_5                              tim2
     000000B5  _T1                                tim2
     000000B6  _P3_6                              tim2
     000000B6  _WR                                tim2
     000000B7  _IPH                               tim2
     000000B7  _P3_7                              tim2
     000000B7  _RD                                tim2
     000000B8  _IP                                tim2
     000000B8  _PX0                               tim2
     000000B9  _PT0                               tim2
     000000BA  _PX1                               tim2
     000000BB  _PT1                               tim2
     000000BC  _PS                                tim2
     000000BD  _PT2                               tim2
     000000C0  _IT2                               tim2
     000000C0  _XICON                             tim2
     000000C1  _IE2                               tim2
     000000C2  _EX2                               tim2
     000000C3  _PX2                               tim2
     000000C4  _IT3                               tim2
ASxxxx Linker V03.00/V05.40 + sdld,  page 5.
Hexadecimal  [32-Bits]

Area                                    Addr        Size        Decimal Bytes (Attributes)
--------------------------------        ----        ----        ------- ----- ------------
.  .ABS.                            00000000    00000000 =           0. bytes (ABS,CON)

      Value  Global                              Global Defined In Module
      -----  --------------------------------   ------------------------
     000000C5  _IE3                               tim2
     000000C6  _EX3                               tim2
     000000C7  _PX3                               tim2
     000000C8  _CPRL2                             tim2
     000000C8  _T2CON                             tim2
     000000C9  _T2MOD                             tim2
     000000C9  _T2_CT                             tim2
     000000CA  _RCAP2L                            tim2
     000000CA  _TR2                               tim2
     000000CB  _EXEN2                             tim2
     000000CB  _RCAP2H                            tim2
     000000CC  _TCLK                              tim2
     000000CC  _TL2                               tim2
     000000CD  _RCLK                              tim2
     000000CD  _TH2                               tim2
     000000CE  _EXF2                              tim2
     000000CF  _TF2                               tim2
     000000D0  _P                                 tim2
     000000D0  _PSW                               tim2
     000000D1  _F1                                tim2
     000000D2  _OV                                tim2
     000000D3  _RS0                               tim2
     000000D4  _RS1                               tim2
     000000D5  _F0                                tim2
     000000D6  _AC                                tim2
     000000D7  _CY                                tim2
     000000E0  _ACC                               tim2
     000000E1  _WDT_CONTR                         tim2
     000000E2  _ISP_DATA                          tim2
     000000E3  _ISP_ADDRH                         tim2
     000000E4  _ISP_ADDRL                         tim2
     000000E5  _ISP_CMD                           tim2
     000000E6  _ISP_TRIG                          tim2
     000000E7  _ISP_CONTR                         tim2
     000000E8  _P4                                tim2
     000000E8  _P4_0                              tim2
     000000E9  _P4_1                              tim2
     000000EA  _INT3                              tim2
     000000EA  _P4_2                              tim2
     000000EB  _INT2                              tim2
     000000EB  _P4_3                              tim2
     000000F0  _B                                 tim2
     000000F5  _B_5                               _gptrget
     000000F6  _B_6                               _gptrget
     000000F7  _B_7                               _gptrget

ASxxxx Linker V03.00/V05.40 + sdld,  page 6.
Hexadecimal  [32-Bits]

Area                                    Addr        Size        Decimal Bytes (Attributes)
--------------------------------        ----        ----        ------- ----- ------------
BSEG_BYTES                          00000020    00000001 =           1. bytes (REL,CON)

      Value  Global                              Global Defined In Module
      -----  --------------------------------   ------------------------
ASxxxx Linker V03.00/V05.40 + sdld,  page 7.
Hexadecimal  [32-Bits]

Area                                    Addr        Size        Decimal Bytes (Attributes)
--------------------------------        ----        ----        ------- ----- ------------
REG_BANK_0                          00000000    00000008 =           8. bytes (REL,OVR)

      Value  Global                              Global Defined In Module
      -----  --------------------------------   ------------------------
ASxxxx Linker V03.00/V05.40 + sdld,  page 8.
Hexadecimal  [32-Bits]

Area                                    Addr        Size        Decimal Bytes (Attributes)
--------------------------------        ----        ----        ------- ----- ------------
DSEG                                00000000    0000007A =         122. bytes (REL,CON)

      Value  Global                              Global Defined In Module
      -----  --------------------------------   ------------------------
     00000012  _TIM_calculateValue_PARM_2         tim
     00000013  _TIM_config_PARM_2                 tim
     00000032  _UART_getBaudGeneratorInitValue_   uart
ASxxxx Linker V03.00/V05.40 + sdld,  page 9.
Hexadecimal  [32-Bits]

Area                                    Addr        Size        Decimal Bytes (Attributes)
--------------------------------        ----        ----        ------- ----- ------------
OSEG                                00000016    00000004 =           4. bytes (REL,OVR)

      Value  Global                              Global Defined In Module
      -----  --------------------------------   ------------------------
     00000016  _TIM2_BAUD_cmd_PARM_2              tim2
     00000016  _TIM_INT_cmd_PARM_2                tim
     00000016  _TIM_INT_setPriority_PARM_2        tim
     00000016  _TIM_cmd_PARM_2                    tim
     00000016  _TIM_setFunction_PARM_2            tim
     00000016  _TIM_setMode_PARM_2                tim
     00000016  _TIM_setValue_PARM_2               tim
     00000016  __divslong_PARM_2                  _divulong
     00000016  __divulong_PARM_2                  _divulong
     00000016  __mullong_PARM_2                   _mullong

ASxxxx Linker V03.00/V05.40 + sdld,  page 10.
Hexadecimal  [32-Bits]

Area                                    Addr        Size        Decimal Bytes (Attributes)
--------------------------------        ----        ----        ------- ----- ------------
SSEG                                00000037    000000C9 =         201. bytes (REL,OVR)

      Value  Global                              Global Defined In Module
      -----  --------------------------------   ------------------------
     00000037  __start__stack                     test

ASxxxx Linker V03.00/V05.40 + sdld,  page 11.
Hexadecimal  [32-Bits]

Area                                    Addr        Size        Decimal Bytes (Attributes)
--------------------------------        ----        ----        ------- ----- ------------
HOME                                00000000    0000004C =          76. bytes (REL,CON,CODE)

      Value  Global                              Global Defined In Module
      -----  --------------------------------   ------------------------
C:   00000008  sdcc_atomic_exchange_rollback_st   test
C:   0000002F  sdcc_atomic_exchange_gptr_impl     test
C:   0000002F  sdcc_atomic_exchange_rollback_en   test
C:   0000003F  sdcc_atomic_compare_exchange_gpt   test
C:   00000049  __sdcc_program_startup             test

ASxxxx Linker V03.00/V05.40 + sdld,  page 12.
Hexadecimal  [32-Bits]

Area                                    Addr        Size        Decimal Bytes (Attributes)
--------------------------------        ----        ----        ------- ----- ------------
GSINIT0                             0000004C    00000003 =           3. bytes (REL,CON,CODE)

      Value  Global                              Global Defined In Module
      -----  --------------------------------   ------------------------
C:   0000004C  __sdcc_gsinit_startup              

ASxxxx Linker V03.00/V05.40 + sdld,  page 13.
Hexadecimal  [32-Bits]

Area                                    Addr        Size        Decimal Bytes (Attributes)
--------------------------------        ----        ----        ------- ----- ------------
GSINIT2                             0000004F    0000000A =          10. bytes (REL,CON,CODE)

      Value  Global                              Global Defined In Module
      -----  --------------------------------   ------------------------
ASxxxx Linker V03.00/V05.40 + sdld,  page 14.
Hexadecimal  [32-Bits]

Area                                    Addr        Size        Decimal Bytes (Attributes)
--------------------------------        ----        ----        ------- ----- ------------
GSINIT3                             00000059    00000022 =          34. bytes (REL,CON,CODE)

      Value  Global                              Global Defined In Module
      -----  --------------------------------   ------------------------
C:   00000059  __mcs51_genXINIT                   

ASxxxx Linker V03.00/V05.40 + sdld,  page 15.
Hexadecimal  [32-Bits]

Area                                    Addr        Size        Decimal Bytes (Attributes)
--------------------------------        ----        ----        ------- ----- ------------
GSINIT4                             0000007B    0000002A =          42. bytes (REL,CON,CODE)

      Value  Global                              Global Defined In Module
      -----  --------------------------------   ------------------------
C:   0000007B  __mcs51_genRAMCLEAR                
C:   00000081  __mcs51_genXRAMCLEAR               

ASxxxx Linker V03.00/V05.40 + sdld,  page 16.
Hexadecimal  [32-Bits]

Area                                    Addr        Size        Decimal Bytes (Attributes)
--------------------------------        ----        ----        ------- ----- ------------
GSFINAL                             000000A5    00000003 =           3. bytes (REL,CON,CODE)

      Value  Global                              Global Defined In Module
      -----  --------------------------------   ------------------------
ASxxxx Linker V03.00/V05.40 + sdld,  page 17.
Hexadecimal  [32-Bits]

Area                                    Addr        Size        Decimal Bytes (Attributes)
--------------------------------        ----        ----        ------- ----- ------------
CSEG                                000000A8    000008EC =        2284. bytes (REL,CON,CODE)

      Value  Global                              Global Defined In Module
      -----  --------------------------------   ------------------------
C:   000000A8  _sys_init                          test
C:   000000CE  _main                              test
C:   000000E2  _UART_cmd_multiBaudrate            uart
C:   000000F1  _UART_cmd_receive                  uart
C:   000000F8  _UART_config                       uart
C:   0000027A  _UART_getBaudGeneratorInitValue    uart
C:   00000331  _UART_getByte                      uart
C:   00000335  _UART_isReceived                   uart
C:   0000033C  _UART_isTransmitted                uart
C:   00000343  _UART_sendByte                     uart
C:   0000034C  _UART_sendHex                      uart
C:   0000036B  _UART_sendString                   uart
C:   0000038C  _UART_setMode                      uart
C:   0000039C  _UART_switchTim                    uart
C:   000003B1  _UART_INT_cmd                      uart
C:   000003B8  _UART_INT_setPriority              uart
C:   000003E1  _TIM_calculateValue                tim
C:   00000470  _TIM_cmd                           tim
C:   0000048A  _TIM_config                        tim
C:   00000550  _TIM_getValue                      tim
C:   00000586  _TIM_isOverflow                    tim
C:   000005A4  _TIM_setFunction                   tim
C:   000005CE  _TIM_setMode                       tim
C:   000005F3  _TIM_setValue                      tim
C:   0000060D  _TIM_INT_cmd                       tim
C:   00000627  _TIM_INT_setPriority               tim
C:   00000685  _disableAllInterrupts              util
C:   00000688  _enableAllInterrupts               util
C:   0000068B  __sleep_getInitValue               util
C:   000006A1  _sleep                             util
C:   000006DF  __divulong                         _divulong
C:   00000744  _TIM2_calculateValue               tim2
C:   00000784  _TIM2_clearFlag                    tim2
C:   00000787  _TIM2_cmd                          tim2
C:   0000078E  _TIM2_config                       tim2
C:   00000865  _TIM2_getCaptureValue              tim2
C:   00000878  _TIM2_getValue                     tim2
C:   0000088B  _TIM2_isExternalEvent              tim2
C:   00000892  _TIM2_isOverflow                   tim2
C:   00000899  _TIM2_setFunction                  tim2
C:   000008A3  _TIM2_setMode                      tim2
C:   000008AD  _TIM2_setReloadValue               tim2
C:   000008B6  _TIM2_setValue                     tim2
C:   000008BF  _TIM2_BAUD_cmd                     tim2
C:   000008D6  _TIM2_INT_cmd                      tim2
C:   000008DD  _TIM2_INT_setPriority              tim2
C:   000008FF  _TIM2_T2EX_cmd                     tim2
C:   00000906  __gptrget                          _gptrget
C:   00000922  __mullong                          _mullong
C:   00000922  __mullong_dummy                    _mullong
ASxxxx Linker V03.00/V05.40 + sdld,  page 18.
Hexadecimal  [32-Bits]

Area                                    Addr        Size        Decimal Bytes (Attributes)
--------------------------------        ----        ----        ------- ----- ------------
CSEG                                000000A8    000008EC =        2284. bytes (REL,CON,CODE)

      Value  Global                              Global Defined In Module
      -----  --------------------------------   ------------------------
C:   00000990  ___sdcc_external_startup           _startup
ASxxxx Linker V03.00/V05.40 + sdld,  page 19.
Hexadecimal  [32-Bits]

Area                                    Addr        Size        Decimal Bytes (Attributes)
--------------------------------        ----        ----        ------- ----- ------------
CONST                               00000994    0000002E =          46. bytes (REL,CON,CODE)

      Value  Global                              Global Defined In Module
      -----  --------------------------------   ------------------------
ASxxxx Linker V03.00/V05.40 + sdld,  page 20.

Files Linked                              [ module(s) ]

/home/carver/Documents/mac_OS_8051/HML_FwLib_STC89/obj/test.rel
                                          [  ]


Libraries Linked                          [ object file ]

/usr/bin/../share/sdcc/lib/small/mcs51.lib
                                          [ crtclear.rel ]
/usr/bin/../share/sdcc/lib/small/mcs51.lib
                                          [ crtxinit.rel ]
/home/carver/Documents/mac_OS_8051/HML_FwLib_STC89/obj/libhml_stc89.lib
                                          [ uart.rel ]
/home/carver/Documents/mac_OS_8051/HML_FwLib_STC89/obj/libhml_stc89.lib
                                          [ tim.rel ]
/home/carver/Documents/mac_OS_8051/HML_FwLib_STC89/obj/libhml_stc89.lib
                                          [ util.rel ]
/usr/bin/../share/sdcc/lib/small/mcs51.lib
                                          [ crtxclear.rel ]
/usr/bin/../share/sdcc/lib/small/liblong.lib
                                          [ _divulong.rel ]
/home/carver/Documents/mac_OS_8051/HML_FwLib_STC89/obj/libhml_stc89.lib
                                          [ tim2.rel ]
/usr/bin/../share/sdcc/lib/small/mcs51.lib
                                          [ crtpagesfr.rel ]
/usr/bin/../share/sdcc/lib/small/mcs51.lib
                                          [ crtstart.rel ]
/usr/bin/../share/sdcc/lib/small/libsdcc.lib
                                          [ _gptrget.rel ]
/usr/bin/../share/sdcc/lib/small/liblong.lib
                                          [ _mullong.rel ]
/usr/bin/../share/sdcc/lib/small/libsdcc.lib
                                          [ _startup.rel ]

ASxxxx Linker V03.00/V05.40 + sdld,  page 21.

User Base Address Definitions

HOME = 0x0000
XSEG = 0x0001
PSEG = 0x0001
ISEG = 0x0000
BSEG = 0x0000

